
[0;33m━━━━━━━━━━━━━━━━━━━━━━━━━━━━━━━━━━━━━━━━━━━━━━━━━━[0m
[0;33m  SambaSense Package Builder v1.1.0[0m
[0;33m━━━━━━━━━━━━━━━━━━━━━━━━━━━━━━━━━━━━━━━━━━━━━━━━━━[0m

[0;32m✓[0m Using podman (podman version 5.7.1)

[0;33m[1/5] Building Arch package (.pkg.tar.zst) in Podman sandbox[0m
[0;36m▸[0m Using archlinux:latest container...
xargs: basename: terminated by signal 13
[0;32m✓[0m Arch package → dist/sambasense-1.0.0-1-any.pkg.tar.zst

[0;33m[2/5] Building Debian package (.deb) in Podman sandbox[0m
[0;36m▸[0m Using debian:bookworm container...
DEB_OK
[0;32m✓[0m Debian package → dist/sambasense_1.1.0.deb

[0;33m[3/5] Building RPM package (.rpm) in Podman sandbox[0m
[0;36m▸[0m Using fedora:40 container...

RPM build warnings:
    source_date_epoch_from_changelog set but %changelog is missing
RPM_OK
xargs: basename: terminated by signal 13
[0;32m✓[0m RPM package → dist/sambasense-1.0.0-1.fc40.noarch.rpm

[0;33m[4/5] Building AppImage in Podman sandbox[0m
[0;36m▸[0m Using ubuntu:22.04 container with appimagetool...
Please consider submitting your AppImage to AppImageHub, the crowd-sourced
central directory of available AppImages, by opening a pull request
at https://github.com/AppImage/appimage.github.io
APPIMAGE_OK
[0;32m✓[0m AppImage → dist/SambaSense-x86_64.AppImage

[0;33m[5/5] Building Flatpak bundle in Podman sandbox[0m
[0;36m▸[0m Using fedora:40 container with flatpak-builder...
  Installing Freedesktop runtime (this may take a moment)...
Info: org.freedesktop.Sdk is end-of-life, with reason: org.freedesktop.Platform 23.08 is no longer receiving fixes and security updates. Please update to a supported runtime version.
Info: org.freedesktop.Platform is end-of-life, with reason: org.freedesktop.Platform 23.08 is no longer receiving fixes and security updates. Please update to a supported runtime version.
Info: org.freedesktop.Platform.Locale is end-of-life, with reason: org.freedesktop.Platform 23.08 is no longer receiving fixes and security updates. Please update to a supported runtime version.
Info: org.freedesktop.Sdk.Locale is end-of-life, with reason: org.freedesktop.Platform 23.08 is no longer receiving fixes and security updates. Please update to a supported runtime version.
Info: org.freedesktop.Platform.GL.default is end-of-life, with reason: org.freedesktop.Platform 23.08 is no longer receiving fixes and security updates. Please update to a supported runtime version.
Info: org.freedesktop.Platform.GL.default is end-of-life, with reason: org.freedesktop.Platform 23.08 is no longer receiving fixes and security updates. Please update to a supported runtime version.
Installing runtime/org.freedesktop.Platform.GL.default/x86_64/23.08
Installing runtime/org.freedesktop.Platform.GL.default/x86_64/23.08-extra
Installing runtime/org.freedesktop.Platform.Locale/x86_64/23.08
Installing runtime/org.freedesktop.Platform/x86_64/23.08
Installing runtime/org.freedesktop.Sdk.Locale/x86_64/23.08
Installing runtime/org.freedesktop.Sdk/x86_64/23.08
Exporting share/applications/com.sabyla.SambaSense.desktop
Exporting share/icons/hicolor/128x128/apps/com.sabyla.SambaSense.svg
Please review the exported files and the metadata
Committing stage finish to cache
Pruning cache
Content Written: 31
Content Bytes Written: 169382 (169.4?kB)
Pruning cache
FLATPAK_OK
[0;32m✓[0m Flatpak → dist/SambaSense.flatpak

[0;33m━━━━━━━━━━━━━━━━━━━━━━━━━━━━━━━━━━━━━━━━━━━━━━━━━━[0m
[0;33m  Build Summary[0m
[0;33m━━━━━━━━━━━━━━━━━━━━━━━━━━━━━━━━━━━━━━━━━━━━━━━━━━[0m

total 1.4M
-rw-r--r-- 1 justin justin 117K Feb 15 02:29 sambasense-1.1.0-1-any.pkg.tar.zst
-rw-r--r-- 1 justin justin 112K Feb 15 02:30 sambasense-1.1.0-1.fc40.noarch.rpm
-rw-r--r-- 1 justin justin  90K Feb 15 02:29 sambasense_1.1.0.deb
-rw-r--r-- 1 justin justin  39K Feb 15 02:31 SambaSense.flatpak
-rwxr-xr-x 1 justin justin 1.1M Feb 15 02:30 SambaSense-x86_64.AppImage

  All packages in: [0;36m/home/justin/Projects/sambasense/dist/[0m

